saki@sakinoMacBook-Air git_challenge % git init
Initialized empty Git repository in /Users/saki/Desktop/kadai/git_challenge/.git/
saki@sakinoMacBook-Air git_challenge % git add .
saki@sakinoMacBook-Air git_challenge % git commit -m "hello_world.txtを追 加"
[main (root-commit) b500086] hello_world.txtを追加
 1 file changed, 1 insertion(+)
 create mode 100644 hello_world.txt
saki@sakinoMacBook-Air git_challenge % git add .
saki@sakinoMacBook-Air git_challenge % git commit -m "日本語訳を追加"
[main 08f8125] 日本語訳を追加
 1 file changed, 2 insertions(+), 1 deletion(-)
saki@sakinoMacBook-Air git_challenge % git log --oneline
08f8125 (HEAD -> main) 日本語訳を追加
b500086 hello_world.txtを追加